Shenfun environment: /share/home/dkyzdsys_wanjiawei/shenfun_offline_centos_install/env
Shenfun repository:  /share/home/dkyzdsys_wanjiawei/shenfun-master
scripts/HIT_dns/deterministic_random.py: OK
scripts/HIT_dns/hit_diagnostics.py: OK
scripts/HIT_dns/hit_io.py: OK
scripts/HIT_dns/mann_initializer.py: OK
scripts/HIT_dns/mpi_initial_condition_check.py: OK
scripts/HIT_dns/reference_data.py: OK
scripts/HIT_dns/run_hit_dns.py: OK
scripts/HIT_dns/solver_backend.py: OK
scripts/HIT_dns/spectrum_model.py: OK
scripts/HIT_dns/data/comte_bellot_table2_e11.csv: OK
scripts/HIT_dns/data/comte_bellot_table3_e.csv: OK
scripts/HIT_dns/data/comte_bellot_table4_bulk.csv: OK
scripts/HIT_dns/centos_server/hit_dns_common.sh: OK
scripts/HIT_dns/centos_server/01_mpi_smoke.sbatch: OK
scripts/HIT_dns/centos_server/02_fullshape_allocation.sbatch: OK
scripts/HIT_dns/centos_server/03_short_pilot.sbatch: OK
scripts/HIT_dns/centos_server/04_production_to_98.sbatch: OK
scripts/HIT_dns/centos_server/05_restart_to_171.sbatch: OK
scripts/HIT_dns/centos_server/inspect_hit_checkpoints.py: OK
scripts/HIT_dns/centos_server/collect_lightweight.sh: OK
centos_runtime_check=PASS 4.3.0 1.26.4 1.15.2 2.0.6 3.16.0
timestamp_utc=2026-08-18T02:29:20Z
job_id=3363
node_list=js04
allocated_slurm_tasks=64
slurm_tasks_per_mpi_rank=2
mpi_ranks=32
run_dir=/share/home/dkyzdsys_wanjiawei/shenfun_runs/hit_dns/production_hit_N384_dt1em4_shenfun
repo=/share/home/dkyzdsys_wanjiawei/shenfun-master
runner=/share/home/dkyzdsys_wanjiawei/shenfun-master/scripts/HIT_dns/run_hit_dns.py
git_head=unavailable
Python 3.12.13
MPICH Version:      4.3.2
VALID tstep=0 time_s=0 backend=shenfun path=/share/home/dkyzdsys_wanjiawei/shenfun_runs/hit_dns/production_hit_N384_dt1em4_shenfun/raw/station_0042.h5
VALID tstep=500 time_s=0.05 backend=shenfun path=/share/home/dkyzdsys_wanjiawei/shenfun_runs/hit_dns/production_hit_N384_dt1em4_shenfun/raw/checkpoint_step_00000500.h5
VALID tstep=1000 time_s=0.1 backend=shenfun path=/share/home/dkyzdsys_wanjiawei/shenfun_runs/hit_dns/production_hit_N384_dt1em4_shenfun/raw/checkpoint_step_00001000.h5
VALID tstep=1500 time_s=0.15 backend=shenfun path=/share/home/dkyzdsys_wanjiawei/shenfun_runs/hit_dns/production_hit_N384_dt1em4_shenfun/raw/checkpoint_step_00001500.h5
VALID tstep=2000 time_s=0.2 backend=shenfun path=/share/home/dkyzdsys_wanjiawei/shenfun_runs/hit_dns/production_hit_N384_dt1em4_shenfun/raw/checkpoint_step_00002000.h5
VALID tstep=2500 time_s=0.25 backend=shenfun path=/share/home/dkyzdsys_wanjiawei/shenfun_runs/hit_dns/production_hit_N384_dt1em4_shenfun/raw/checkpoint_step_00002500.h5
VALID tstep=2845 time_s=0.28448 backend=shenfun path=/share/home/dkyzdsys_wanjiawei/shenfun_runs/hit_dns/production_hit_N384_dt1em4_shenfun/raw/station_0098.h5
LATEST_CHECKPOINT=/share/home/dkyzdsys_wanjiawei/shenfun_runs/hit_dns/production_hit_N384_dt1em4_shenfun/raw/station_0098.h5
{"progress": {"cfl": 0.24901305236618046, "dissipation_cm2_s^-3": 820.1777609749146, "isotropic_u_rms_cm_s": 13.725390684893132, "kinetic_energy_cm2_s^-2": 282.5795241794267, "kmax_eta": 1.724419095806445, "kolmogorov_length_cm": 0.04490674728662617, "parseval_relative_error": 2.011590154165406e-16, "relative_spectral_divergence": 1.631802271827435e-15, "reynolds_lambda": 65.90959875188689, "station_tU0_over_M": "", "taylor_microscale_cm": 0.7174782624887239, "time_s": 0.2899799999999994, "tstep": 2900}}
{"progress": {"cfl": 0.24499502731747103, "dissipation_cm2_s^-3": 784.9441909743169, "isotropic_u_rms_cm_s": 13.529113905930908, "kinetic_energy_cm2_s^-2": 274.5553846194796, "kmax_eta": 1.74345252505781, "kolmogorov_length_cm": 0.0454024095067138, "parseval_relative_error": 2.0703807699707017e-16, "relative_spectral_divergence": 1.662014631259929e-15, "reynolds_lambda": 65.4594796255479, "station_tU0_over_M": "", "taylor_microscale_cm": 0.722916255682814, "time_s": 0.2999799999999983, "tstep": 3000}}
{"progress": {"cfl": 0.23640987302315813, "dissipation_cm2_s^-3": 751.3448573989415, "isotropic_u_rms_cm_s": 13.338545801727918, "kinetic_energy_cm2_s^-2": 266.8752061571902, "kmax_eta": 1.7626252664337514, "kolmogorov_length_cm": 0.04590169964671228, "parseval_relative_error": 2.1299625274041795e-16, "relative_spectral_divergence": 1.6884053997466703e-15, "reynolds_lambda": 65.03550870089408, "station_tU0_over_M": "", "taylor_microscale_cm": 0.7284954647969625, "time_s": 0.3099799999999972, "tstep": 3100}}
{"progress": {"cfl": 0.23858776156912043, "dissipation_cm2_s^-3": 719.2338141271572, "isotropic_u_rms_cm_s": 13.153543322447705, "kinetic_energy_cm2_s^-2": 259.5235529032629, "kmax_eta": 1.781977829716779, "kolmogorov_length_cm": 0.046405672648874456, "parseval_relative_error": 0.0, "relative_spectral_divergence": 1.7165027411752251e-15, "reynolds_lambda": 64.6403504586194, "station_tU0_over_M": "", "taylor_microscale_cm": 0.7342530142997075, "time_s": 0.3199799999999961, "tstep": 3200}}
{"progress": {"cfl": 0.2365695347547162, "dissipation_cm2_s^-3": 688.6582724639561, "isotropic_u_rms_cm_s": 12.973958952943272, "kinetic_energy_cm2_s^-2": 252.48541636898537, "kmax_eta": 1.8014361706535251, "kolmogorov_length_cm": 0.046912400277435554, "parseval_relative_error": 1.1256772703603667e-16, "relative_spectral_divergence": 1.7448337509843189e-15, "reynolds_lambda": 64.2682370164193, "station_tU0_over_M": "", "taylor_microscale_cm": 0.7401311151042845, "time_s": 0.329979999999995, "tstep": 3300}}
{"progress": {"cfl": 0.2300638080337181, "dissipation_cm2_s^-3": 659.6702549989959, "isotropic_u_rms_cm_s": 12.799611274600172, "kinetic_energy_cm2_s^-2": 245.74507317130778, "kmax_eta": 1.8209083831427506, "kolmogorov_length_cm": 0.047419489144342464, "parseval_relative_error": 4.626210253353299e-16, "relative_spectral_divergence": 1.7721800348139268e-15, "reynolds_lambda": 63.9121373599657, "station_tU0_over_M": "", "taylor_microscale_cm": 0.7460558781208394, "time_s": 0.3399799999999939, "tstep": 3400}}
{"progress": {"cfl": 0.22295984769554067, "dissipation_cm2_s^-3": 632.2136375462474, "isotropic_u_rms_cm_s": 12.6303050188427, "kinetic_energy_cm2_s^-2": 239.2869073035046, "kmax_eta": 1.8403645362856629, "kolmogorov_length_cm": 0.047926159799105805, "parseval_relative_error": 2.3755340190305294e-16, "relative_spectral_divergence": 1.801890605678573e-15, "reynolds_lambda": 63.56952693834156, "station_tU0_over_M": "", "taylor_microscale_cm": 0.752003628353073, "time_s": 0.3499799999999928, "tstep": 3500}}
{"progress": {"cfl": 0.21692510787901606, "dissipation_cm2_s^-3": 606.2131054588558, "isotropic_u_rms_cm_s": 12.46584512803861, "kinetic_energy_cm2_s^-2": 233.09594213436594, "kmax_eta": 1.859788211520623, "kolmogorov_length_cm": 0.04843198467501623, "parseval_relative_error": 2.4386275599787644e-16, "relative_spectral_divergence": 1.831245196042097e-15, "reynolds_lambda": 63.238859004578174, "station_tU0_over_M": "", "taylor_microscale_cm": 0.7579614077354707, "time_s": 0.3599799999999917, "tstep": 3600}}
{"progress": {"cfl": 0.2075772691612686, "dissipation_cm2_s^-3": 581.5394538592519, "isotropic_u_rms_cm_s": 12.306047850559608, "kinetic_energy_cm2_s^-2": 227.1582205503941, "kmax_eta": 1.879208744767065, "kolmogorov_length_cm": 0.04893772772830898, "parseval_relative_error": 5.004742397002314e-16, "relative_spectral_divergence": 1.8590727171503145e-15, "reynolds_lambda": 62.921756640148956, "station_tU0_over_M": "", "taylor_microscale_cm": 0.7639536927016916, "time_s": 0.3699799999999906, "tstep": 3700}}
{"progress": {"cfl": 0.2083423869821601, "dissipation_cm2_s^-3": 558.0766006101271, "isotropic_u_rms_cm_s": 12.150751047624283, "kinetic_energy_cm2_s^-2": 221.46112653201394, "kmax_eta": 1.898656355744388, "kolmogorov_length_cm": 0.049444175930843444, "parseval_relative_error": 0.0, "relative_spectral_divergence": 1.887222613891222e-15, "reynolds_lambda": 62.619928997548165, "station_tU0_over_M": "", "taylor_microscale_cm": 0.7700062375247202, "time_s": 0.3799799999999895, "tstep": 3800}}
{"progress": {"cfl": 0.21471151919068882, "dissipation_cm2_s^-3": 535.7542972404289, "isotropic_u_rms_cm_s": 11.99980225654426, "kinetic_energy_cm2_s^-2": 215.99288129424707, "kmax_eta": 1.9181316215840265, "kolmogorov_length_cm": 0.04995134431208403, "parseval_relative_error": 0.0, "relative_spectral_divergence": 1.9146015970527747e-15, "reynolds_lambda": 62.33307890715139, "station_tU0_over_M": "", "taylor_microscale_cm": 0.776120732655354, "time_s": 0.3899799999999884, "tstep": 3900}}
{"progress": {"cfl": 0.21846470976667207, "dissipation_cm2_s^-3": 514.5085572546687, "isotropic_u_rms_cm_s": 11.853057909357018, "kinetic_energy_cm2_s^-2": 210.7424727038564, "kmax_eta": 1.9376336596588661, "kolmogorov_length_cm": 0.050459209886949644, "parseval_relative_error": 0.0, "relative_spectral_divergence": 1.9432190701429726e-15, "reynolds_lambda": 62.06085338150897, "station_tU0_over_M": "", "taylor_microscale_cm": 0.7822978419403744, "time_s": 0.3999799999999873, "tstep": 4000}}
{"progress": {"cfl": 0.21528012346277983, "dissipation_cm2_s^-3": 494.3893933749614, "isotropic_u_rms_cm_s": 11.71036426166767, "kinetic_energy_cm2_s^-2": 205.69894671141515, "kmax_eta": 1.957052763025198, "kolmogorov_length_cm": 0.0509649157037812, "parseval_relative_error": 0.0, "relative_spectral_divergence": 1.9697754287753852e-15, "reynolds_lambda": 61.79587248108967, "station_tU0_over_M": "", "taylor_microscale_cm": 0.7884494583283275, "time_s": 0.4099799999999862, "tstep": 4100}}
{"progress": {"cfl": 0.20864251781590243, "dissipation_cm2_s^-3": 475.4036068206733, "isotropic_u_rms_cm_s": 11.571542404539127, "kinetic_energy_cm2_s^-2": 200.85089043007073, "kmax_eta": 1.9763060617292032, "kolmogorov_length_cm": 0.05146630369086467, "parseval_relative_error": 1.4150651445729815e-16, "relative_spectral_divergence": 1.9984475459687177e-15, "reynolds_lambda": 61.53249117863201, "station_tU0_over_M": "", "taylor_microscale_cm": 0.7945075749056735, "time_s": 0.4199799999999851, "tstep": 4200}}
{"progress": {"cfl": 0.20193290354602392, "dissipation_cm2_s^-3": 457.4357209991329, "isotropic_u_rms_cm_s": 11.436417894456325, "kinetic_energy_cm2_s^-2": 196.18748138496125, "kmax_eta": 1.9954336971092745, "kolmogorov_length_cm": 0.05196441919555403, "parseval_relative_error": 0.0, "relative_spectral_divergence": 2.022917832376787e-15, "reynolds_lambda": 61.272870553780784, "station_tU0_over_M": "", "taylor_microscale_cm": 0.8005030773204966, "time_s": 0.429979999999984, "tstep": 4300}}
{"progress": {"cfl": 0.20140699052525174, "dissipation_cm2_s^-3": 440.36245592680496, "isotropic_u_rms_cm_s": 11.304842760496271, "kinetic_energy_cm2_s^-2": 191.6992047593174, "kmax_eta": 2.0144998969708907, "kolmogorov_length_cm": 0.05246093481695028, "parseval_relative_error": 1.482620100906944e-16, "relative_spectral_divergence": 2.0500312512969616e-15, "reynolds_lambda": 61.02069384480472, "station_tU0_over_M": "", "taylor_microscale_cm": 0.8064870732027245, "time_s": 0.4399799999999829, "tstep": 4400}}
{"progress": {"cfl": 0.19920570093486745, "dissipation_cm2_s^-3": 424.11928545320905, "isotropic_u_rms_cm_s": 11.176685873551172, "kinetic_energy_cm2_s^-2": 187.37746067405746, "kmax_eta": 2.033517038033635, "kolmogorov_length_cm": 0.052956172865459256, "parseval_relative_error": 1.5168158074168527e-16, "relative_spectral_divergence": 2.07573938567189e-15, "reynolds_lambda": 60.776447544001826, "station_tU0_over_M": "", "taylor_microscale_cm": 0.812469490763149, "time_s": 0.4499799999999818, "tstep": 4500}}
{"progress": {"cfl": 0.19370452333313515, "dissipation_cm2_s^-3": 408.6421692697552, "isotropic_u_rms_cm_s": 11.051825572714696, "kinetic_energy_cm2_s^-2": 183.21427273456578, "kmax_eta": 2.0525040632248626, "kolmogorov_length_cm": 0.053450626646480794, "parseval_relative_error": 1.5512824959647308e-16, "relative_spectral_divergence": 2.0997754654351708e-15, "reynolds_lambda": 60.54101325659524, "station_tU0_over_M": "", "taylor_microscale_cm": 0.8184656524151265, "time_s": 0.4599799999999807, "tstep": 4600}}
{"progress": {"cfl": 0.1895457138471512, "dissipation_cm2_s^-3": 393.9090035750267, "isotropic_u_rms_cm_s": 10.930146087709328, "kinetic_energy_cm2_s^-2": 179.20214024800129, "kmax_eta": 2.0714327767343645, "kolmogorov_length_cm": 0.053943561894124074, "parseval_relative_error": 3.1720279000095274e-16, "relative_spectral_divergence": 2.127110770813819e-15, "reynolds_lambda": 60.3124834176355, "station_tU0_over_M": "", "taylor_microscale_cm": 0.8244532606344823, "time_s": 0.4699799999999796, "tstep": 4700}}
{"progress": {"cfl": 0.187372346881091, "dissipation_cm2_s^-3": 379.9163711516911, "isotropic_u_rms_cm_s": 10.811525243565427, "kinetic_energy_cm2_s^-2": 175.3336171383787, "kmax_eta": 2.090248010355578, "kolmogorov_length_cm": 0.054433541936343185, "parseval_relative_error": 0.0, "relative_spectral_divergence": 2.1569832513861824e-15, "reynolds_lambda": 60.08736523423606, "station_tU0_over_M": "", "taylor_microscale_cm": 0.8303878568398373, "time_s": 0.4799799999999785, "tstep": 4800}}
{"progress": {"cfl": 0.18846424458345773, "dissipation_cm2_s^-3": 366.61813801191624, "isotropic_u_rms_cm_s": 10.695840251886672, "kinetic_energy_cm2_s^-2": 171.60149804081874, "kmax_eta": 2.1089502454955973, "kolmogorov_length_cm": 0.05492057930978118, "parseval_relative_error": 4.968786943277739e-16, "relative_spectral_divergence": 2.186981897218767e-15, "reynolds_lambda": 59.86542554606238, "station_tU0_over_M": "", "taylor_microscale_cm": 0.8362689293277381, "time_s": 0.4899799999999774, "tstep": 4900}}
{"progress": {"cfl": 0.1876836117994257, "dissipation_cm2_s^-3": 353.95740948484945, "isotropic_u_rms_cm_s": 10.582977829625975, "kinetic_energy_cm2_s^-2": 167.99912961353238, "kmax_eta": 2.127561235506314, "kolmogorov_length_cm": 0.05540524050797693, "parseval_relative_error": 5.075331550071546e-16, "relative_spectral_divergence": 2.214814772464316e-15, "reynolds_lambda": 59.647672328054384, "station_tU0_over_M": "", "taylor_microscale_cm": 0.842113073145104, "time_s": 0.4999799999999763, "tstep": 5000}}
{"progress": {"cfl": 0.18502160489680644, "dissipation_cm2_s^-3": 341.8828848037131, "isotropic_u_rms_cm_s": 10.472834597059428, "kinetic_energy_cm2_s^-2": 164.52039674604737, "kmax_eta": 2.146102600642712, "kolmogorov_length_cm": 0.055888088558403964, "parseval_relative_error": 1.7275492882670092e-16, "relative_spectral_divergence": 2.238561048811355e-15, "reynolds_lambda": 59.43510592863876, "station_tU0_over_M": "", "taylor_microscale_cm": 0.8479370107470605, "time_s": 0.5099799999999752, "tstep": 5100}}
{"progress": {"cfl": 0.1832736068713517, "dissipation_cm2_s^-3": 330.3476796013649, "isotropic_u_rms_cm_s": 10.365316343590782, "kinetic_energy_cm2_s^-2": 161.15967435406526, "kmax_eta": 2.1645967679254876, "kolmogorov_length_cm": 0.05636970749805957, "parseval_relative_error": 0.0, "relative_spectral_divergence": 2.265400345581763e-15, "reynolds_lambda": 59.22877135483969, "station_tU0_over_M": "", "taylor_microscale_cm": 0.8537583375310812, "time_s": 0.5199799999999741, "tstep": 5200}}
{"progress": {"cfl": 0.18416039175753154, "dissipation_cm2_s^-3": 319.3089409475923, "isotropic_u_rms_cm_s": 10.260337537618149, "kinetic_energy_cm2_s^-2": 157.91178957878412, "kmax_eta": 2.1830669307049813, "kolmogorov_length_cm": 0.056850701320442225, "parseval_relative_error": 5.399541637685776e-16, "relative_spectral_divergence": 2.2913062242616235e-15, "reynolds_lambda": 59.029756058980546, "station_tU0_over_M": "", "taylor_microscale_cm": 0.8595955045917001, "time_s": 0.529979999999973, "tstep": 5300}}
{"progress": {"cfl": 0.1833011314942989, "dissipation_cm2_s^-3": 308.732327860208, "isotropic_u_rms_cm_s": 10.157819805810904, "kinetic_energy_cm2_s^-2": 154.77195481098641, "kmax_eta": 2.201528408250354, "kolmogorov_length_cm": 0.05733146896485297, "parseval_relative_error": 0.0, "relative_spectral_divergence": 2.3176916943096955e-15, "reynolds_lambda": 58.83871601877034, "station_tU0_over_M": "", "taylor_microscale_cm": 0.8654609514104231, "time_s": 0.5399799999999719, "tstep": 5400}}
{"progress": {"cfl": 0.1739229807732772, "dissipation_cm2_s^-3": 298.5853429317039, "isotropic_u_rms_cm_s": 10.057690672008166, "kinetic_energy_cm2_s^-2": 151.7357124807001, "kmax_eta": 2.2199985946419147, "kolmogorov_length_cm": 0.0578124634021332, "parseval_relative_error": 1.8731061373583412e-16, "relative_spectral_divergence": 2.3442998548184428e-15, "reynolds_lambda": 58.6564180512622, "station_tU0_over_M": "", "taylor_microscale_cm": 0.8713689074527091, "time_s": 0.5499799999999708, "tstep": 5500}}
{"progress": {"cfl": 0.17055169765307027, "dissipation_cm2_s^-3": 288.8483663526132, "isotropic_u_rms_cm_s": 9.959882322013287, "kinetic_energy_cm2_s^-2": 148.79888380252916, "kmax_eta": 2.2384754818354935, "kolmogorov_length_cm": 0.05829363233946598, "parseval_relative_error": 0.0, "relative_spectral_divergence": 2.3704449333436096e-15, "reynolds_lambda": 58.48260220150211, "station_tU0_over_M": "", "taylor_microscale_cm": 0.8773184779709583, "time_s": 0.5599799999999697, "tstep": 5600}}
{"progress": {"cfl": 0.17047473276889147, "dissipation_cm2_s^-3": 279.51907853118644, "isotropic_u_rms_cm_s": 9.864325802234374, "kinetic_energy_cm2_s^-2": 145.95738529894027, "kmax_eta": 2.2569241142702094, "kolmogorov_length_cm": 0.0587740654757867, "parseval_relative_error": 0.0, "relative_spectral_divergence": 2.393873867612584e-15, "reynolds_lambda": 58.315273878024776, "station_tU0_over_M": "", "taylor_microscale_cm": 0.8832826646347125, "time_s": 0.5699799999999686, "tstep": 5700}}
{"progress": {"cfl": 0.17309301651881287, "dissipation_cm2_s^-3": 270.5930451764739, "isotropic_u_rms_cm_s": 9.770948711970709, "kinetic_energy_cm2_s^-2": 143.20715809794308, "kmax_eta": 2.2753104595886446, "kolmogorov_length_cm": 0.05925287655178762, "parseval_relative_error": 0.0, "relative_spectral_divergence": 2.4211063009519605e-15, "reynolds_lambda": 58.15249922605102, "station_tU0_over_M": "", "taylor_microscale_cm": 0.8892347905559027, "time_s": 0.5799799999999675, "tstep": 5800}}
{"progress": {"cfl": 0.17373557210739848, "dissipation_cm2_s^-3": 262.0655288538246, "isotropic_u_rms_cm_s": 9.67967619919973, "kinetic_energy_cm2_s^-2": 140.5441969820306, "kmax_eta": 2.293598236412329, "kolmogorov_length_cm": 0.059729120739904405, "parseval_relative_error": 0.0, "relative_spectral_divergence": 2.4448137405376613e-15, "reynolds_lambda": 57.99224769727557, "station_tU0_over_M": "", "taylor_microscale_cm": 0.8951460657771738, "time_s": 0.5899799999999664, "tstep": 5900}}
{"progress": {"cfl": 0.17261140749846182, "dissipation_cm2_s^-3": 253.93827162792778, "isotropic_u_rms_cm_s": 9.59042970308359, "kinetic_energy_cm2_s^-2": 137.96451283468198, "kmax_eta": 2.3117335768076552, "kolmogorov_length_cm": 0.060201395229366024, "parseval_relative_error": 2.060073916577428e-16, "relative_spectral_divergence": 2.4695300850827425e-15, "reynolds_lambda": 57.83161025847848, "station_tU0_over_M": "", "taylor_microscale_cm": 0.9009734925353601, "time_s": 0.5999799999999653, "tstep": 6000}}
{"progress": {"cfl": 0.1701285165180016, "dissipation_cm2_s^-3": 246.20602116934785, "isotropic_u_rms_cm_s": 9.503126192929317, "kinetic_energy_cm2_s^-2": 135.4641111581089, "kmax_eta": 2.3296740028705876, "kolmogorov_length_cm": 0.06066859382475488, "parseval_relative_error": 0.0, "relative_spectral_divergence": 2.4909997802288254e-15, "reynolds_lambda": 57.66826556226077, "station_tU0_over_M": "", "taylor_microscale_cm": 0.9066824064270249, "time_s": 0.6099799999999642, "tstep": 6100}}
{"progress": {"cfl": 0.16773958429172126, "dissipation_cm2_s^-3": 238.83790346877112, "isotropic_u_rms_cm_s": 9.417684705110206, "kinetic_energy_cm2_s^-2": 133.03917780730004, "kmax_eta": 2.3474373385667406, "kolmogorov_length_cm": 0.06113118069184221, "parseval_relative_error": 0.0, "relative_spectral_divergence": 2.5139743337588154e-15, "reynolds_lambda": 57.50292016239693, "station_tU0_over_M": "", "taylor_microscale_cm": 0.9122850303687938, "time_s": 0.6199799999999631, "tstep": 6200}}
{"progress": {"cfl": 0.1641966503594757, "dissipation_cm2_s^-3": 231.7939552287028, "isotropic_u_rms_cm_s": 9.33403355672168, "kinetic_energy_cm2_s^-2": 130.68627365700956, "kmax_eta": 2.3650716064760795, "kolmogorov_length_cm": 0.06159040641864791, "parseval_relative_error": 2.1748044867357476e-16, "relative_spectral_divergence": 2.536401811109096e-15, "reynolds_lambda": 57.33778272487762, "station_tU0_over_M": "", "taylor_microscale_cm": 0.9178174954253454, "time_s": 0.629979999999962, "tstep": 6300}}
{"progress": {"cfl": 0.16012433657392025, "dissipation_cm2_s^-3": 225.04254005740083, "isotropic_u_rms_cm_s": 9.252110565431492, "kinetic_energy_cm2_s^-2": 128.40232487245356, "kmax_eta": 2.382613869458519, "kolmogorov_length_cm": 0.06204723618381561, "parseval_relative_error": 0.0, "relative_spectral_divergence": 2.5588764272472018e-15, "reynolds_lambda": 57.1745229334789, "station_tU0_over_M": "", "taylor_microscale_cm": 0.9233078557908072, "time_s": 0.6399799999999609, "tstep": 6400}}
{"progress": {"cfl": 0.15502122286256348, "dissipation_cm2_s^-3": 218.5618003715873, "isotropic_u_rms_cm_s": 9.171859884055658, "kinetic_energy_cm2_s^-2": 126.1845205991242, "kmax_eta": 2.4000829730992903, "kolmogorov_length_cm": 0.06250216075779402, "parseval_relative_error": 4.504785419868891e-16, "relative_spectral_divergence": 2.5807237398649683e-15, "reynolds_lambda": 57.0139230453237, "station_tU0_over_M": "", "taylor_microscale_cm": 0.9287702780780394, "time_s": 0.6499799999999598, "tstep": 6500}}
{"progress": {"cfl": 0.15319496732113871, "dissipation_cm2_s^-3": 215.20504436459711, "isotropic_u_rms_cm_s": 9.129673022346301, "kinetic_energy_cm2_s^-2": 125.02639424243675, "kmax_eta": 2.409387811795479, "kolmogorov_length_cm": 0.06274447426550726, "parseval_relative_error": 1.1366283736573217e-16, "relative_spectral_divergence": 2.5930371208143657e-15, "reynolds_lambda": 56.9295113013345, "station_tU0_over_M": 171.0, "taylor_microscale_cm": 0.9316805461221062, "time_s": 0.65532, "tstep": 6554}}
{"completed": true, "final_time_s": 0.65532, "final_tstep": 6554}
HIT_STATION_171_COMPLETE
